{
  "version": "1.5.0",
  "plugins_used": [
    {
      "name": "AWSKeyDetector"
    },
    {
      "name": "Base64HighEntropyString",
      "limit": 4.5
    },
    {
      "name": "HexHighEntropyString",
      "limit": 3.0
    },
    {
      "name": "KeywordDetector",
      "keyword_exclude": ""
    },
    {
      "name": "PrivateKeyDetector"
    }
  ],
  "filters_used": [
    {
      "path": "detect_secrets.filters.heuristic.is_indirect_reference"
    },
    {
      "path": "detect_secrets.filters.heuristic.is_likely_id_string"
    },
    {
      "path": "detect_secrets.filters.heuristic.is_potential_uuid"
    }
  ],
  "results": {},
  "generated_at": "2025-12-18T00:00:00Z"
}

